12:39:46 **** Incremental Build of configuration Debug for project TEST1 ****
Info: Internal Builder is used for build
arm-atollic-eabi-gcc -c ..\src\main.c -mthumb -mcpu=cortex-m4 -mfloat-abi=hard -mfpu=fpv4-sp-d16 -std=gnu11 -DHSE_VALUE=8000000 -DSTM32F4XX -DSTM32F40XX -DUSE_STDPERIPH_DRIVER -I../src -I../Libraries/CMSIS/Include -I../Libraries/Device/STM32F4xx/Include -I../Libraries/STM32F4xx_StdPeriph_Driver/inc -O0 -ffunction-sections -fdata-sections -g -fstack-usage -Wall -o src\main.o 
..\src\main.c: In function 'main':
..\src\main.c:19:7: warning: variable 'input' set but not used [-Wunused-but-set-variable]
  char input;
       ^~~~~
..\src\main.c:18:6: warning: unused variable 'i' [-Wunused-variable]
  int i;
      ^
arm-atollic-eabi-gcc -c ..\src\ui.c -mthumb -mcpu=cortex-m4 -mfloat-abi=hard -mfpu=fpv4-sp-d16 -std=gnu11 -DHSE_VALUE=8000000 -DSTM32F4XX -DSTM32F40XX -DUSE_STDPERIPH_DRIVER -I../src -I../Libraries/CMSIS/Include -I../Libraries/Device/STM32F4xx/Include -I../Libraries/STM32F4xx_StdPeriph_Driver/inc -O0 -ffunction-sections -fdata-sections -g -fstack-usage -Wall -o src\ui.o 
arm-atollic-eabi-gcc -c ..\src\api.c -mthumb -mcpu=cortex-m4 -mfloat-abi=hard -mfpu=fpv4-sp-d16 -std=gnu11 -DHSE_VALUE=8000000 -DSTM32F4XX -DSTM32F40XX -DUSE_STDPERIPH_DRIVER -I../src -I../Libraries/CMSIS/Include -I../Libraries/Device/STM32F4xx/Include -I../Libraries/STM32F4xx_StdPeriph_Driver/inc -O0 -ffunction-sections -fdata-sections -g -fstack-usage -Wall -o src\api.o 
In file included from ..\src\api.h:17:0,
                 from ..\src\api.c:9:
..\src\test_letter.h:645:11: warning: multi-line comment [-Wcomment]
       {}, // \
           ^
..\src\api.c:294:1: warning: "/*" within comment [-Wcomment]
 /* Show smiley
  
arm-atollic-eabi-gcc -c ..\src\uart.c -mthumb -mcpu=cortex-m4 -mfloat-abi=hard -mfpu=fpv4-sp-d16 -std=gnu11 -DHSE_VALUE=8000000 -DSTM32F4XX -DSTM32F40XX -DUSE_STDPERIPH_DRIVER -I../src -I../Libraries/CMSIS/Include -I../Libraries/Device/STM32F4xx/Include -I../Libraries/STM32F4xx_StdPeriph_Driver/inc -O0 -ffunction-sections -fdata-sections -g -fstack-usage -Wall -o src\uart.o 
arm-atollic-eabi-gcc -o TEST1.elf Libraries\Device\STM32F4xx\Include\stm32_ub_vga_screen.o Libraries\STM32F4xx_StdPeriph_Driver\src\misc.o Libraries\STM32F4xx_StdPeriph_Driver\src\stm32f4xx_adc.o Libraries\STM32F4xx_StdPeriph_Driver\src\stm32f4xx_can.o Libraries\STM32F4xx_StdPeriph_Driver\src\stm32f4xx_crc.o Libraries\STM32F4xx_StdPeriph_Driver\src\stm32f4xx_cryp.o Libraries\STM32F4xx_StdPeriph_Driver\src\stm32f4xx_cryp_aes.o Libraries\STM32F4xx_StdPeriph_Driver\src\stm32f4xx_cryp_des.o Libraries\STM32F4xx_StdPeriph_Driver\src\stm32f4xx_cryp_tdes.o Libraries\STM32F4xx_StdPeriph_Driver\src\stm32f4xx_dac.o Libraries\STM32F4xx_StdPeriph_Driver\src\stm32f4xx_dbgmcu.o Libraries\STM32F4xx_StdPeriph_Driver\src\stm32f4xx_dcmi.o Libraries\STM32F4xx_StdPeriph_Driver\src\stm32f4xx_dma.o Libraries\STM32F4xx_StdPeriph_Driver\src\stm32f4xx_exti.o Libraries\STM32F4xx_StdPeriph_Driver\src\stm32f4xx_flash.o Libraries\STM32F4xx_StdPeriph_Driver\src\stm32f4xx_fsmc.o Libraries\STM32F4xx_StdPeriph_Driver\src\stm32f4xx_gpio.o Libraries\STM32F4xx_StdPeriph_Driver\src\stm32f4xx_hash.o Libraries\STM32F4xx_StdPeriph_Driver\src\stm32f4xx_hash_md5.o Libraries\STM32F4xx_StdPeriph_Driver\src\stm32f4xx_hash_sha1.o Libraries\STM32F4xx_StdPeriph_Driver\src\stm32f4xx_i2c.o Libraries\STM32F4xx_StdPeriph_Driver\src\stm32f4xx_iwdg.o Libraries\STM32F4xx_StdPeriph_Driver\src\stm32f4xx_pwr.o Libraries\STM32F4xx_StdPeriph_Driver\src\stm32f4xx_rcc.o Libraries\STM32F4xx_StdPeriph_Driver\src\stm32f4xx_rng.o Libraries\STM32F4xx_StdPeriph_Driver\src\stm32f4xx_rtc.o Libraries\STM32F4xx_StdPeriph_Driver\src\stm32f4xx_sdio.o Libraries\STM32F4xx_StdPeriph_Driver\src\stm32f4xx_spi.o Libraries\STM32F4xx_StdPeriph_Driver\src\stm32f4xx_syscfg.o Libraries\STM32F4xx_StdPeriph_Driver\src\stm32f4xx_tim.o Libraries\STM32F4xx_StdPeriph_Driver\src\stm32f4xx_usart.o Libraries\STM32F4xx_StdPeriph_Driver\src\stm32f4xx_wwdg.o src\api.o src\main.o src\startup_stm32f40xx.o src\stm32f4xx_it.o src\system_stm32f4xx.o src\tiny_printf.o src\uart.o src\ui.o -mthumb -mcpu=cortex-m4 -mfloat-abi=hard -mfpu=fpv4-sp-d16 -T../stm32f4_flash.ld -specs=nosys.specs -static -Wl,-cref,-u,Reset_Handler -Wl,-Map=TEST1.map -Wl,--gc-sections -Wl,--defsym=malloc_getpagesize_P=0x80 -Wl,--start-group -lc -lm -Wl,--end-group 
D:\Program Files (x86)\TrueSTUDIO for STM32 9.3.0\ide\jre\bin\java -jar D:\Program Files (x86)\TrueSTUDIO for STM32 9.3.0\Tools\arm-atollic-reports.jar convert-hex sizeinfo list TEST1.elf 
Generate build reports...
Converting build output to hex
Output sent to: TEST1.hex
Converting build output to hex done
Print size information
   text	   data	    bss	    dec	    hex	filename
   5980	    632	  78104	  84716	  14aec	TEST1.elf
Print size information done
Generate listing file
Output sent to: TEST1.list
Generate listing file done
Generate build reports done

12:39:48 Build Finished (took 1s.760ms)

